{
  "version": "1.5.0",
  "plugins_used": [
    {
      "name": "ArtifactoryDetector"
    },
    {
      "name": "AWSKeyDetector"
    },
    {
      "name": "AzureStorageKeyDetector"
    },
    {
      "name": "Base64HighEntropyString",
      "limit": 4.5
    },
    {
      "name": "BasicAuthDetector"
    },
    {
      "name": "CloudantDetector"
    },
    {
      "name": "DiscordBotTokenDetector"
    },
    {
      "name": "GitHubTokenDetector"
    },
    {
      "name": "GitLabTokenDetector"
    },
    {
      "name": "HexHighEntropyString",
      "limit": 3.0
    },
    {
      "name": "IbmCloudIamDetector"
    },
    {
      "name": "IbmCosHmacDetector"
    },
    {
      "name": "IPPublicDetector"
    },
    {
      "name": "JwtTokenDetector"
    },
    {
      "name": "KeywordDetector",
      "keyword_exclude": ""
    },
    {
      "name": "MailchimpDetector"
    },
    {
      "name": "NpmDetector"
    },
    {
      "name": "OpenAIDetector"
    },
    {
      "name": "PrivateKeyDetector"
    },
    {
      "name": "PypiTokenDetector"
    },
    {
      "name": "SendGridDetector"
    },
    {
      "name": "SlackDetector"
    },
    {
      "name": "SoftlayerDetector"
    },
    {
      "name": "SquareOAuthDetector"
    },
    {
      "name": "StripeDetector"
    },
    {
      "name": "TelegramBotTokenDetector"
    },
    {
      "name": "TwilioKeyDetector"
    }
  ],
  "filters_used": [
    {
      "path": "detect_secrets.filters.allowlist.is_line_allowlisted"
    },
    {
      "path": "detect_secrets.filters.common.is_baseline_file",
      "filename": ".secrets.baseline"
    },
    {
      "path": "detect_secrets.filters.common.is_ignored_due_to_verification_policies",
      "min_level": 2
    },
    {
      "path": "detect_secrets.filters.heuristic.is_indirect_reference"
    },
    {
      "path": "detect_secrets.filters.heuristic.is_likely_id_string"
    },
    {
      "path": "detect_secrets.filters.heuristic.is_lock_file"
    },
    {
      "path": "detect_secrets.filters.heuristic.is_not_alphanumeric_string"
    },
    {
      "path": "detect_secrets.filters.heuristic.is_potential_uuid"
    },
    {
      "path": "detect_secrets.filters.heuristic.is_prefixed_with_dollar_sign"
    },
    {
      "path": "detect_secrets.filters.heuristic.is_sequential_string"
    },
    {
      "path": "detect_secrets.filters.heuristic.is_swagger_file"
    },
    {
      "path": "detect_secrets.filters.heuristic.is_templated_secret"
    }
  ],
  "results": {
    "examples/fsspec_urls.py": [
      {
        "type": "Secret Keyword",
        "filename": "examples/fsspec_urls.py",
        "hashed_secret": "f3bbbd66a63d4bf1747940578ec3d0103530e21d",
        "is_verified": false,
        "line_number": 158
      }
    ],
    "examples/password_auth.py": [
      {
        "type": "Secret Keyword",
        "filename": "examples/password_auth.py",
        "hashed_secret": "fc8bc0c2ba15a832b0f0572fedfba191b48172bd",
        "is_verified": false,
        "line_number": 47
      },
      {
        "type": "Secret Keyword",
        "filename": "examples/password_auth.py",
        "hashed_secret": "bcc3aabcb2d9d93dd6b5b9e30c3444fd0d4623cd",
        "is_verified": false,
        "line_number": 174
      }
    ],
    "examples/permissions.py": [
      {
        "type": "Private Key",
        "filename": "examples/permissions.py",
        "hashed_secret": "1348b145fa1a555461c1b790a2f66614781091e9",
        "is_verified": false,
        "line_number": 90
      }
    ],
    "live-tests/test_matrix.py": [
      {
        "type": "Private Key",
        "filename": "live-tests/test_matrix.py",
        "hashed_secret": "1348b145fa1a555461c1b790a2f66614781091e9",
        "is_verified": false,
        "line_number": 429
      }
    ],
    "live-tests/test_password_auth.py": [
      {
        "type": "Secret Keyword",
        "filename": "live-tests/test_password_auth.py",
        "hashed_secret": "8f65d198429fa1786419adf92cb655f7faf3ca77",
        "is_verified": false,
        "line_number": 46
      },
      {
        "type": "Secret Keyword",
        "filename": "live-tests/test_password_auth.py",
        "hashed_secret": "8c89ea6b5c7318e9a7ad562226bcbdf3e6e364b1",
        "is_verified": false,
        "line_number": 225
      }
    ],
    "pyproject.toml": [
      {
        "type": "Secret Keyword",
        "filename": "pyproject.toml",
        "hashed_secret": "455527fd915414e18c5c4000cba7c250cec1e5f2",
        "is_verified": false,
        "line_number": 289
      }
    ],
    "tests/test_askpass.py": [
      {
        "type": "Secret Keyword",
        "filename": "tests/test_askpass.py",
        "hashed_secret": "dd606cd49bbbd06b4c2606fc2449f8fb87975786",
        "is_verified": false,
        "line_number": 316
      }
    ],
    "tests/test_diagnosis.py": [
      {
        "type": "Secret Keyword",
        "filename": "tests/test_diagnosis.py",
        "hashed_secret": "5ff43b6af1601e56f316bfc273adb1796adfe534",
        "is_verified": false,
        "line_number": 147
      },
      {
        "type": "Secret Keyword",
        "filename": "tests/test_diagnosis.py",
        "hashed_secret": "a1a123edf02dbf766b06ac0788f57e5f5a29a0ac",
        "is_verified": false,
        "line_number": 148
      }
    ],
    "tests/test_doctor.py": [
      {
        "type": "Secret Keyword",
        "filename": "tests/test_doctor.py",
        "hashed_secret": "5d300244c06fd1ca3a1c362339c49e422c50922a",
        "is_verified": false,
        "line_number": 63
      }
    ],
    "tests/test_file_object.py": [
      {
        "type": "Hex High Entropy String",
        "filename": "tests/test_file_object.py",
        "hashed_secret": "5030dead3c2eecb2eaa63d5eb28caf00abb115da",
        "is_verified": false,
        "line_number": 389
      }
    ],
    "tests/test_fsspec.py": [
      {
        "type": "Secret Keyword",
        "filename": "tests/test_fsspec.py",
        "hashed_secret": "f3bbbd66a63d4bf1747940578ec3d0103530e21d",
        "is_verified": false,
        "line_number": 270
      },
      {
        "type": "Secret Keyword",
        "filename": "tests/test_fsspec.py",
        "hashed_secret": "8c89ea6b5c7318e9a7ad562226bcbdf3e6e364b1",
        "is_verified": false,
        "line_number": 301
      },
      {
        "type": "Secret Keyword",
        "filename": "tests/test_fsspec.py",
        "hashed_secret": "36cb589f74157b45811a690c58b434095f48e9fa",
        "is_verified": false,
        "line_number": 302
      },
      {
        "type": "Basic Auth Credentials",
        "filename": "tests/test_fsspec.py",
        "hashed_secret": "f3bbbd66a63d4bf1747940578ec3d0103530e21d",
        "is_verified": false,
        "line_number": 475
      }
    ],
    "tests/test_modes.py": [
      {
        "type": "Private Key",
        "filename": "tests/test_modes.py",
        "hashed_secret": "1348b145fa1a555461c1b790a2f66614781091e9",
        "is_verified": false,
        "line_number": 150
      }
    ],
    "tests/test_namespace_and_connect.py": [
      {
        "type": "Secret Keyword",
        "filename": "tests/test_namespace_and_connect.py",
        "hashed_secret": "f3bbbd66a63d4bf1747940578ec3d0103530e21d",
        "is_verified": false,
        "line_number": 426
      }
    ],
    "tests/test_observability.py": [
      {
        "type": "Secret Keyword",
        "filename": "tests/test_observability.py",
        "hashed_secret": "f8f453e74e51ff9d7f11f37a128d9d7dba108f28",
        "is_verified": false,
        "line_number": 96
      }
    ],
    "tests/test_transport.py": [
      {
        "type": "Secret Keyword",
        "filename": "tests/test_transport.py",
        "hashed_secret": "dd606cd49bbbd06b4c2606fc2449f8fb87975786",
        "is_verified": false,
        "line_number": 961
      },
      {
        "type": "Secret Keyword",
        "filename": "tests/test_transport.py",
        "hashed_secret": "fc339ee9f7f7ef1f7193d2311f824a9184d94053",
        "is_verified": false,
        "line_number": 1058
      }
    ]
  },
  "generated_at": "2026-08-12T22:54:10Z"
}
